// Jest Snapshot v1, https://goo.gl/fbAQLP

exports[`CarouselButton 1`] = `
<body>
  <div>
    <button
      class="flex justify-center items-center size-24 border-2 border-well-read-500 rounded-3xl bg-well-read-200 hover:bg-well-read-300 active:transform active:translate-y-0.5 cursor-pointer"
      type="button"
    >
      <svg
        class="size-1/2 fill-well-read-500"
        viewBox="0 0 16 16"
        xmlns="http://www.w3.org/2000/svg"
      >
        <path
          d="M1 8a.5.5 0 0 1 .5-.5h11.793l-3.147-3.146a.5.5 0 0 1 .708-.708l4 4a.5.5 0 0 1 0 .708l-4 4a.5.5 0 0 1-.708-.708L13.293 8.5H1.5A.5.5 0 0 1 1 8"
          fill-rule="evenodd"
        />
      </svg>
    </button>
  </div>
</body>
`;
